// Jest Snapshot v1, https://goo.gl/fbAQLP

exports[`Home test 1`] = `
<main>
  <Connect(TvShowPage)
    page={0}
  />
  <div
    className="Pager"
  >
    <button
      onClick={[Function]}
      type="button"
    >
      Next Page â†’
    </button>
  </div>
</main>
`;
