// Jest Snapshot v1, https://goo.gl/fbAQLP

exports[`TvShowDetails test 1`] = `
<div>
  <img
    alt=""
    className="Ready"
    src="test-file-stub"
  />
</div>
`;
