// Jest Snapshot v1, https://goo.gl/fbAQLP

exports[`1 renders 1 1`] = `"TvShowDetails"`;

exports[`1 renders 2 1`] = `"TvShowPage"`;

exports[`1 renders 3 1`] = `"Home"`;
