// Jest Snapshot v1, https://goo.gl/fbAQLP

exports[`Episodes test 2 1`] = `
<div
  className="tv-show"
/>
`;
