// Jest Snapshot v1, https://goo.gl/fbAQLP

exports[`Menu snapsphot 1`] = `
<Secure
  render={[Function]}
/>
`;
