// Jest Snapshot v1, https://goo.gl/fbAQLP

exports[`Menu snapsphot 1`] = `
<img
  alt="Loading"
  className="loader"
  src="test-file-stub"
/>
`;
