// Jest Snapshot v1, https://goo.gl/fbAQLP

exports[`Signature test 1`] = `
<main>
  <h1>
    Hello,
    undefined
  </h1>
  <article
    className="about"
  >
    <p
      className="text"
    >
      Text1
    </p>
  </article>
</main>
`;
