// Jest Snapshot v1, https://goo.gl/fbAQLP

exports[`Signature test 1`] = `
<<<<<<< HEAD
<main>
  <h1>
    Hello,
    Name
  </h1>
  <article
    className="about"
  >
    <p
      className="text"
    >
      Text1
    </p>
  </article>
</main>
=======
<BrowserRouter>
  <div>
    <Menu />
    <Route
      component={[Function]}
      exact={true}
      path="/"
    />
    <Route
      path="/tvShowDetails/:id"
      render={[Function]}
    />
  </div>
</BrowserRouter>
>>>>>>> origin/part2
`;
