// Jest Snapshot v1, https://goo.gl/fbAQLP

exports[`App test 1`] = `
<Provider
  store={
    Object {
      "dispatch": [Function],
      "getState": [Function],
      "replaceReducer": [Function],
      "subscribe": [Function],
      Symbol(observable): [Function],
    }
  }
>
  <BrowserRouter>
    <Menu />
    <Routes />
  </BrowserRouter>
</Provider>
`;
